
> em-taskflow@1.0.0 test
> npm run build && tsc -p tsconfig.test.json && NODE_OPTIONS='--loader @istanbuljs/esm-loader-hook' nyc jasmine dist/test/**/*.js


> em-taskflow@1.0.0 build
> tsc

(node:59153) ExperimentalWarning: `--experimental-loader` may be removed in the future; instead use `register()`:
--import 'data:text/javascript,import { register } from "node:module"; import { pathToFileURL } from "node:url"; register("%40istanbuljs/esm-loader-hook", pathToFileURL("./"));'
(Use `node --trace-warnings ...` to show where the warning was created)
(node:59161) ExperimentalWarning: `--experimental-loader` may be removed in the future; instead use `register()`:
--import 'data:text/javascript,import { register } from "node:module"; import { pathToFileURL } from "node:url"; register("%40istanbuljs/esm-loader-hook", pathToFileURL("./"));'
(Use `node --trace-warnings ...` to show where the warning was created)
Randomized with seed 95167
Started
...........📄 Processing PDF: doc.pdf
❌ PDF processing error: Error: File not found
    at UserContext.<anonymous> (file:///Users/vikaskumar/Documents/vikas/em-taskflow/backend/dist/test/services/ragService.spec.js:42:40)
    at QueueRunner.attempt (/Users/vikaskumar/Documents/vikas/em-taskflow/backend/node_modules/jasmine-core/lib/jasmine-core/jasmine.js:8309:40)
    at QueueRunner.run (/Users/vikaskumar/Documents/vikas/em-taskflow/backend/node_modules/jasmine-core/lib/jasmine-core/jasmine.js:8347:27)
    at runNext (/Users/vikaskumar/Documents/vikas/em-taskflow/backend/node_modules/jasmine-core/lib/jasmine-core/jasmine.js:8250:16)
    at /Users/vikaskumar/Documents/vikas/em-taskflow/backend/node_modules/jasmine-core/lib/jasmine-core/jasmine.js:8256:11
    at /Users/vikaskumar/Documents/vikas/em-taskflow/backend/node_modules/jasmine-core/lib/jasmine-core/jasmine.js:8147:9
.📄 Processing PDF: doc.pdf
📝 Extracted 19 characters from PDF
🔪 Created 1 chunks
💾 Storing 1 chunks in vector database
✅ Collection created or already exists
✅ Stored chunk 1/1
.📄 Processing PDF: doc.pdf
❌ PDF processing error: Error: PDF contains no extractable text
    at RAGService.processPDF (file:///Users/vikaskumar/Documents/vikas/em-taskflow/backend/dist/src/services/ragService.js:11:343)
    at async UserContext.<anonymous> (file:///Users/vikaskumar/Documents/vikas/em-taskflow/backend/dist/test/services/ragService.spec.js:50:28)
.🔍 Searching for relevant chunks: "test query"
✅ Found 1 relevant chunks
.⚠️ Embedding service not available: Error: Service down
    at UserContext.<anonymous> (file:///Users/vikaskumar/Documents/vikas/em-taskflow/backend/dist/test/services/ragService.spec.js:86:26)
    at QueueRunner.attempt (/Users/vikaskumar/Documents/vikas/em-taskflow/backend/node_modules/jasmine-core/lib/jasmine-core/jasmine.js:8309:40)
    at QueueRunner.run (/Users/vikaskumar/Documents/vikas/em-taskflow/backend/node_modules/jasmine-core/lib/jasmine-core/jasmine.js:8347:27)
    at runNext (/Users/vikaskumar/Documents/vikas/em-taskflow/backend/node_modules/jasmine-core/lib/jasmine-core/jasmine.js:8250:16)
    at /Users/vikaskumar/Documents/vikas/em-taskflow/backend/node_modules/jasmine-core/lib/jasmine-core/jasmine.js:8256:11
    at /Users/vikaskumar/Documents/vikas/em-taskflow/backend/node_modules/jasmine-core/lib/jasmine-core/jasmine.js:8147:9
.........Error in /llm-summary: Error: Agent service unavailable
    at UserContext.<anonymous> (file:///Users/vikaskumar/Documents/vikas/em-taskflow/backend/dist/test/routes/api.spec.js:45:31)
    at QueueRunner.attempt (/Users/vikaskumar/Documents/vikas/em-taskflow/backend/node_modules/jasmine-core/lib/jasmine-core/jasmine.js:8309:40)
    at QueueRunner.run (/Users/vikaskumar/Documents/vikas/em-taskflow/backend/node_modules/jasmine-core/lib/jasmine-core/jasmine.js:8347:27)
    at runNext (/Users/vikaskumar/Documents/vikas/em-taskflow/backend/node_modules/jasmine-core/lib/jasmine-core/jasmine.js:8250:16)
    at /Users/vikaskumar/Documents/vikas/em-taskflow/backend/node_modules/jasmine-core/lib/jasmine-core/jasmine.js:8256:11
    at /Users/vikaskumar/Documents/vikas/em-taskflow/backend/node_modules/jasmine-core/lib/jasmine-core/jasmine.js:8147:9
    at process.processTicksAndRejections (node:internal/process/task_queues:105:5)
......SyntaxError: Unexpected token 'i', "invalid json" is not valid JSON
    at JSON.parse (<anonymous>)
    at createStrictSyntaxError (/Users/vikaskumar/Documents/vikas/em-taskflow/backend/node_modules/body-parser/lib/types/json.js:169:10)
    at parse (/Users/vikaskumar/Documents/vikas/em-taskflow/backend/node_modules/body-parser/lib/types/json.js:86:15)
    at /Users/vikaskumar/Documents/vikas/em-taskflow/backend/node_modules/body-parser/lib/read.js:128:18
    at AsyncResource.runInAsyncScope (node:async_hooks:214:14)
    at invokeCallback (/Users/vikaskumar/Documents/vikas/em-taskflow/backend/node_modules/body-parser/node_modules/raw-body/index.js:238:16)
    at done (/Users/vikaskumar/Documents/vikas/em-taskflow/backend/node_modules/body-parser/node_modules/raw-body/index.js:227:7)
    at IncomingMessage.onEnd (/Users/vikaskumar/Documents/vikas/em-taskflow/backend/node_modules/body-parser/node_modules/raw-body/index.js:287:7)
    at IncomingMessage.emit (node:events:518:28)
    at endReadableNT (node:internal/streams/readable:1698:12)
....🔍 Processing RAG query with integrated agent: What is in the documents?
.🔍 Processing RAG query with integrated agent: Test query
.........Ollama Error: TypeError: Cannot read properties of undefined (reading 'response')
    at completeWithOllama (file:///Users/vikaskumar/Documents/vikas/em-taskflow/backend/dist/src/services/llmService.js:10:961)
    at process.processTicksAndRejections (node:internal/process/task_queues:105:5)
    at async Object.complete (file:///Users/vikaskumar/Documents/vikas/em-taskflow/backend/dist/src/services/llmService.js:9:2007)
    at async UserContext.<anonymous> (file:///Users/vikaskumar/Documents/vikas/em-taskflow/backend/dist/test/services/llmService.unit.spec.js:105:17)
LLM Service Error: Error: Ollama service unavailable
    at completeWithOllama (file:///Users/vikaskumar/Documents/vikas/em-taskflow/backend/dist/src/services/llmService.js:10:1112)
    at process.processTicksAndRejections (node:internal/process/task_queues:105:5)
    at async Object.complete (file:///Users/vikaskumar/Documents/vikas/em-taskflow/backend/dist/src/services/llmService.js:9:2007)
    at async UserContext.<anonymous> (file:///Users/vikaskumar/Documents/vikas/em-taskflow/backend/dist/test/services/llmService.unit.spec.js:105:17)
...Ollama Error: Error: ECONNREFUSED
    at UserContext.<anonymous> (file:///Users/vikaskumar/Documents/vikas/em-taskflow/backend/dist/test/services/llmService.unit.spec.js:73:35)
    at QueueRunner.attempt (/Users/vikaskumar/Documents/vikas/em-taskflow/backend/node_modules/jasmine-core/lib/jasmine-core/jasmine.js:8309:40)
    at QueueRunner.run (/Users/vikaskumar/Documents/vikas/em-taskflow/backend/node_modules/jasmine-core/lib/jasmine-core/jasmine.js:8347:27)
    at runNext (/Users/vikaskumar/Documents/vikas/em-taskflow/backend/node_modules/jasmine-core/lib/jasmine-core/jasmine.js:8250:16)
    at /Users/vikaskumar/Documents/vikas/em-taskflow/backend/node_modules/jasmine-core/lib/jasmine-core/jasmine.js:8256:11
    at /Users/vikaskumar/Documents/vikas/em-taskflow/backend/node_modules/jasmine-core/lib/jasmine-core/jasmine.js:8147:9
    at process.processTicksAndRejections (node:internal/process/task_queues:105:5)
LLM Service Error: Error: Ollama service unavailable
    at completeWithOllama (file:///Users/vikaskumar/Documents/vikas/em-taskflow/backend/dist/src/services/llmService.js:10:1112)
    at process.processTicksAndRejections (node:internal/process/task_queues:105:5)
    at async Object.complete (file:///Users/vikaskumar/Documents/vikas/em-taskflow/backend/dist/src/services/llmService.js:9:2007)
    at async UserContext.<anonymous> (file:///Users/vikaskumar/Documents/vikas/em-taskflow/backend/dist/test/services/llmService.unit.spec.js:75:17)
...Ollama Error: Error: timeout of 5000ms exceeded
    at UserContext.<anonymous> (file:///Users/vikaskumar/Documents/vikas/em-taskflow/backend/dist/test/services/llmService.unit.spec.js:83:35)
    at QueueRunner.attempt (/Users/vikaskumar/Documents/vikas/em-taskflow/backend/node_modules/jasmine-core/lib/jasmine-core/jasmine.js:8309:40)
    at QueueRunner.run (/Users/vikaskumar/Documents/vikas/em-taskflow/backend/node_modules/jasmine-core/lib/jasmine-core/jasmine.js:8347:27)
    at runNext (/Users/vikaskumar/Documents/vikas/em-taskflow/backend/node_modules/jasmine-core/lib/jasmine-core/jasmine.js:8250:16)
    at /Users/vikaskumar/Documents/vikas/em-taskflow/backend/node_modules/jasmine-core/lib/jasmine-core/jasmine.js:8256:11
    at /Users/vikaskumar/Documents/vikas/em-taskflow/backend/node_modules/jasmine-core/lib/jasmine-core/jasmine.js:8147:9
    at process.processTicksAndRejections (node:internal/process/task_queues:105:5)
LLM Service Error: Error: Ollama service unavailable
    at completeWithOllama (file:///Users/vikaskumar/Documents/vikas/em-taskflow/backend/dist/src/services/llmService.js:10:1112)
    at process.processTicksAndRejections (node:internal/process/task_queues:105:5)
    at async Object.complete (file:///Users/vikaskumar/Documents/vikas/em-taskflow/backend/dist/src/services/llmService.js:9:2007)
    at async UserContext.<anonymous> (file:///Users/vikaskumar/Documents/vikas/em-taskflow/backend/dist/test/services/llmService.unit.spec.js:85:17)
.Ollama Error: TypeError: Cannot read properties of null (reading 'response')
    at completeWithOllama (file:///Users/vikaskumar/Documents/vikas/em-taskflow/backend/dist/src/services/llmService.js:10:961)
    at process.processTicksAndRejections (node:internal/process/task_queues:105:5)
    at async Object.complete (file:///Users/vikaskumar/Documents/vikas/em-taskflow/backend/dist/src/services/llmService.js:9:2007)
    at async UserContext.<anonymous> (file:///Users/vikaskumar/Documents/vikas/em-taskflow/backend/dist/test/services/llmService.unit.spec.js:95:17)
LLM Service Error: Error: Ollama service unavailable
    at completeWithOllama (file:///Users/vikaskumar/Documents/vikas/em-taskflow/backend/dist/src/services/llmService.js:10:1112)
    at process.processTicksAndRejections (node:internal/process/task_queues:105:5)
    at async Object.complete (file:///Users/vikaskumar/Documents/vikas/em-taskflow/backend/dist/src/services/llmService.js:9:2007)
    at async UserContext.<anonymous> (file:///Users/vikaskumar/Documents/vikas/em-taskflow/backend/dist/test/services/llmService.unit.spec.js:95:17)
.Ollama Error: Error: Request failed with status code 500
    at UserContext.<anonymous> (file:///Users/vikaskumar/Documents/vikas/em-taskflow/backend/dist/test/services/llmService.unit.spec.js:168:33)
    at QueueRunner.attempt (/Users/vikaskumar/Documents/vikas/em-taskflow/backend/node_modules/jasmine-core/lib/jasmine-core/jasmine.js:8309:40)
    at QueueRunner.run (/Users/vikaskumar/Documents/vikas/em-taskflow/backend/node_modules/jasmine-core/lib/jasmine-core/jasmine.js:8347:27)
    at runNext (/Users/vikaskumar/Documents/vikas/em-taskflow/backend/node_modules/jasmine-core/lib/jasmine-core/jasmine.js:8250:16)
    at /Users/vikaskumar/Documents/vikas/em-taskflow/backend/node_modules/jasmine-core/lib/jasmine-core/jasmine.js:8256:11
    at /Users/vikaskumar/Documents/vikas/em-taskflow/backend/node_modules/jasmine-core/lib/jasmine-core/jasmine.js:8147:9
    at process.processTicksAndRejections (node:internal/process/task_queues:105:5)
LLM Service Error: Error: Ollama service unavailable
    at completeWithOllama (file:///Users/vikaskumar/Documents/vikas/em-taskflow/backend/dist/src/services/llmService.js:10:1112)
    at process.processTicksAndRejections (node:internal/process/task_queues:105:5)
    at async Object.complete (file:///Users/vikaskumar/Documents/vikas/em-taskflow/backend/dist/src/services/llmService.js:9:2007)
    at async UserContext.<anonymous> (file:///Users/vikaskumar/Documents/vikas/em-taskflow/backend/dist/test/services/llmService.unit.spec.js:171:17)
.Ollama Error: Error: Network Error
    at UserContext.<anonymous> (file:///Users/vikaskumar/Documents/vikas/em-taskflow/backend/dist/test/services/llmService.unit.spec.js:158:35)
    at QueueRunner.attempt (/Users/vikaskumar/Documents/vikas/em-taskflow/backend/node_modules/jasmine-core/lib/jasmine-core/jasmine.js:8309:40)
    at QueueRunner.run (/Users/vikaskumar/Documents/vikas/em-taskflow/backend/node_modules/jasmine-core/lib/jasmine-core/jasmine.js:8347:27)
    at runNext (/Users/vikaskumar/Documents/vikas/em-taskflow/backend/node_modules/jasmine-core/lib/jasmine-core/jasmine.js:8250:16)
    at /Users/vikaskumar/Documents/vikas/em-taskflow/backend/node_modules/jasmine-core/lib/jasmine-core/jasmine.js:8256:11
    at /Users/vikaskumar/Documents/vikas/em-taskflow/backend/node_modules/jasmine-core/lib/jasmine-core/jasmine.js:8147:9
    at process.processTicksAndRejections (node:internal/process/task_queues:105:5)
LLM Service Error: Error: Ollama service unavailable
    at completeWithOllama (file:///Users/vikaskumar/Documents/vikas/em-taskflow/backend/dist/src/services/llmService.js:10:1112)
    at process.processTicksAndRejections (node:internal/process/task_queues:105:5)
    at async Object.complete (file:///Users/vikaskumar/Documents/vikas/em-taskflow/backend/dist/src/services/llmService.js:9:2007)
    at async UserContext.<anonymous> (file:///Users/vikaskumar/Documents/vikas/em-taskflow/backend/dist/test/services/llmService.unit.spec.js:160:17)
.....Error fetching available models: Cannot read properties of undefined (reading 'map')
.Error fetching available models: Service unavailable
.Error fetching available models: Cannot read properties of null (reading 'models')
.............................................................MCP Service connections closed
Initializing MCP Service with LangChain adapters...
Failed to start server: Error loading OAuth keys: OAuth credentials not found. Please provide credentials using one of these methods:

1. Environment variable:
   Set GOOGLE_OAUTH_CREDENTIALS to the path of your credentials file:
   export GOOGLE_OAUTH_CREDENTIALS="/path/to/gcp-oauth.keys.json"

2. Default file path:
   Place your gcp-oauth.keys.json file in the package root directory.

Token storage:
- Tokens are saved to: /Users/vikaskumar/.config/google-calendar-mcp/tokens.json
- To use a custom token location, set GOOGLE_CALENDAR_MCP_TOKEN_PATH environment variable

To get OAuth credentials:
1. Go to the Google Cloud Console (https://console.cloud.google.com/)
2. Create or select a project
3. Enable the Google Calendar API
4. Create OAuth 2.0 credentials
5. Download the credentials file as gcp-oauth.keys.json

Original error: ENOENT: no such file or directory, open '/Users/vikaskumar/Documents/vikas/em-taskflow/backend/node_modules/@cocal/google-calendar-mcp/gcp-oauth.keys.json'
Failed to initialize MCP Service: MCPClientError: Failed to connect to stdio server "calendar": McpError: MCP error -32000: Connection closed
    at MultiServerMCPClient._initializeStdioConnection (file:///Users/vikaskumar/Documents/vikas/em-taskflow/backend/node_modules/@langchain/mcp-adapters/dist/client.js:266:19)
    at process.processTicksAndRejections (node:internal/process/task_queues:105:5)
    at async MultiServerMCPClient.initializeConnections (file:///Users/vikaskumar/Documents/vikas/em-taskflow/backend/node_modules/@langchain/mcp-adapters/dist/client.js:181:17)
    at async MultiServerMCPClient.getTools (file:///Users/vikaskumar/Documents/vikas/em-taskflow/backend/node_modules/@langchain/mcp-adapters/dist/client.js:206:9)
    at async MCPService.initialize (file:///Users/vikaskumar/Documents/vikas/em-taskflow/backend/dist/src/services/mcpService.js:17:35)
    at async MCPService.restart (file:///Users/vikaskumar/Documents/vikas/em-taskflow/backend/dist/src/services/mcpService.js:31:114)
    at async UserContext.<anonymous> (file:///Users/vikaskumar/Documents/vikas/em-taskflow/backend/dist/test/services/mcpService.spec.js:202:13) {
  serverName: 'calendar'
}
.Initializing MCP Service with LangChain adapters...
Failed to start server: Error loading OAuth keys: OAuth credentials not found. Please provide credentials using one of these methods:

1. Environment variable:
   Set GOOGLE_OAUTH_CREDENTIALS to the path of your credentials file:
   export GOOGLE_OAUTH_CREDENTIALS="/path/to/gcp-oauth.keys.json"

2. Default file path:
   Place your gcp-oauth.keys.json file in the package root directory.

Token storage:
- Tokens are saved to: /Users/vikaskumar/.config/google-calendar-mcp/tokens.json
- To use a custom token location, set GOOGLE_CALENDAR_MCP_TOKEN_PATH environment variable

To get OAuth credentials:
1. Go to the Google Cloud Console (https://console.cloud.google.com/)
2. Create or select a project
3. Enable the Google Calendar API
4. Create OAuth 2.0 credentials
5. Download the credentials file as gcp-oauth.keys.json

Original error: ENOENT: no such file or directory, open '/Users/vikaskumar/Documents/vikas/em-taskflow/backend/node_modules/@cocal/google-calendar-mcp/gcp-oauth.keys.json'
Failed to initialize MCP Service: MCPClientError: Failed to connect to stdio server "calendar": McpError: MCP error -32000: Connection closed
    at MultiServerMCPClient._initializeStdioConnection (file:///Users/vikaskumar/Documents/vikas/em-taskflow/backend/node_modules/@langchain/mcp-adapters/dist/client.js:266:19)
    at process.processTicksAndRejections (node:internal/process/task_queues:105:5)
    at async MultiServerMCPClient.initializeConnections (file:///Users/vikaskumar/Documents/vikas/em-taskflow/backend/node_modules/@langchain/mcp-adapters/dist/client.js:181:17)
    at async MultiServerMCPClient.getTools (file:///Users/vikaskumar/Documents/vikas/em-taskflow/backend/node_modules/@langchain/mcp-adapters/dist/client.js:206:9)
    at async MCPService.initialize (file:///Users/vikaskumar/Documents/vikas/em-taskflow/backend/dist/src/services/mcpService.js:17:35)
    at async MCPService.getTools (file:///Users/vikaskumar/Documents/vikas/em-taskflow/backend/dist/src/services/mcpService.js:20:146)
    at async UserContext.<anonymous> (file:///Users/vikaskumar/Documents/vikas/em-taskflow/backend/dist/test/services/mcpService.spec.js:66:27) {
  serverName: 'calendar'
}
...Initializing MCP Service with LangChain adapters...
Failed to start server: Error loading OAuth keys: OAuth credentials not found. Please provide credentials using one of these methods:

1. Environment variable:
   Set GOOGLE_OAUTH_CREDENTIALS to the path of your credentials file:
   export GOOGLE_OAUTH_CREDENTIALS="/path/to/gcp-oauth.keys.json"

2. Default file path:
   Place your gcp-oauth.keys.json file in the package root directory.

Token storage:
- Tokens are saved to: /Users/vikaskumar/.config/google-calendar-mcp/tokens.json
- To use a custom token location, set GOOGLE_CALENDAR_MCP_TOKEN_PATH environment variable

To get OAuth credentials:
1. Go to the Google Cloud Console (https://console.cloud.google.com/)
2. Create or select a project
3. Enable the Google Calendar API
4. Create OAuth 2.0 credentials
5. Download the credentials file as gcp-oauth.keys.json

Original error: ENOENT: no such file or directory, open '/Users/vikaskumar/Documents/vikas/em-taskflow/backend/node_modules/@cocal/google-calendar-mcp/gcp-oauth.keys.json'
Failed to initialize MCP Service: MCPClientError: Failed to connect to stdio server "calendar": McpError: MCP error -32000: Connection closed
    at MultiServerMCPClient._initializeStdioConnection (file:///Users/vikaskumar/Documents/vikas/em-taskflow/backend/node_modules/@langchain/mcp-adapters/dist/client.js:266:19)
    at process.processTicksAndRejections (node:internal/process/task_queues:105:5)
    at async MultiServerMCPClient.initializeConnections (file:///Users/vikaskumar/Documents/vikas/em-taskflow/backend/node_modules/@langchain/mcp-adapters/dist/client.js:181:17)
    at async MultiServerMCPClient.getTools (file:///Users/vikaskumar/Documents/vikas/em-taskflow/backend/node_modules/@langchain/mcp-adapters/dist/client.js:206:9)
    at async MCPService.initialize (file:///Users/vikaskumar/Documents/vikas/em-taskflow/backend/dist/src/services/mcpService.js:17:35)
    at async UserContext.<anonymous> (file:///Users/vikaskumar/Documents/vikas/em-taskflow/backend/dist/test/services/mcpService.spec.js:36:13) {
  serverName: 'calendar'
}
.Error closing MCP Service: Error: Close failed
    at UserContext.<anonymous> (file:///Users/vikaskumar/Documents/vikas/em-taskflow/backend/dist/test/services/mcpService.spec.js:178:38)
    at QueueRunner.attempt (/Users/vikaskumar/Documents/vikas/em-taskflow/backend/node_modules/jasmine-core/lib/jasmine-core/jasmine.js:8309:40)
    at QueueRunner.run (/Users/vikaskumar/Documents/vikas/em-taskflow/backend/node_modules/jasmine-core/lib/jasmine-core/jasmine.js:8347:27)
    at runNext (/Users/vikaskumar/Documents/vikas/em-taskflow/backend/node_modules/jasmine-core/lib/jasmine-core/jasmine.js:8250:16)
    at /Users/vikaskumar/Documents/vikas/em-taskflow/backend/node_modules/jasmine-core/lib/jasmine-core/jasmine.js:8256:11
    at /Users/vikaskumar/Documents/vikas/em-taskflow/backend/node_modules/jasmine-core/lib/jasmine-core/jasmine.js:8147:9
    at process.processTicksAndRejections (node:internal/process/task_queues:105:5)
..MCP Service connections closed
................🚀 Processing user query with integrated RAG/MCP/Agent flow: Test query
🔍 Analyzing user intent...
Error analyzing intent: SyntaxError: Unexpected token 'i', "invalid js"... is not valid JSON
    at JSON.parse (<anonymous>)
    at analyzeIntent (file:///Users/vikaskumar/Documents/vikas/em-taskflow/backend/dist/src/services/agentService.js:16:174)
    at process.processTicksAndRejections (node:internal/process/task_queues:105:5)
    at async Object.processQuery (file:///Users/vikaskumar/Documents/vikas/em-taskflow/backend/dist/src/services/agentService.js:77:40)
    at async UserContext.<anonymous> (file:///Users/vikaskumar/Documents/vikas/em-taskflow/backend/dist/test/services/agentService.spec.js:134:28)
🎯 Intent analysis: {
  intent: 'general',
  dataNeeded: [],
  reasoning: 'Failed to analyze intent, defaulting to general'
}
📊 Fetching data using MCP tools and RAG for: []
🔍 Performing RAG search for relevant documents
✅ Found 1 relevant document chunks
🔄 Initializing MCP service...
🤖 MCP tools not available, using LLM agent with knowledge base
.🚀 Processing user query with integrated RAG/MCP/Agent flow: Give me a status update
🔍 Analyzing user intent...
Intent analysis: {
  intent: 'status_check',
  dataNeeded: [ 'jira', 'notion' ],
  reasoning: 'User wants status update'
}
🎯 Intent analysis: {
  intent: 'status_check',
  dataNeeded: [ 'jira', 'notion' ],
  reasoning: 'User wants status update'
}
📊 Fetching data using MCP tools and RAG for: [ 'jira', 'notion' ]
🔍 Performing RAG search for relevant documents
✅ Found 1 relevant document chunks
✅ MCP servers available, using MCP tools
🛠️ Available MCP tools: [ 'notion_search', 'jira_list_issues' ]
🎫 Using Jira MCP tools: [ 'jira_list_issues' ]
📝 Using Notion MCP tools: [ 'notion_search' ]
.🚀 Processing user query with integrated RAG/MCP/Agent flow: Tell me about the project documentation
🔍 Analyzing user intent...
Intent analysis: {
  intent: 'project_overview',
  dataNeeded: [ 'notion' ],
  reasoning: 'User asking about project details'
}
🎯 Intent analysis: {
  intent: 'project_overview',
  dataNeeded: [ 'notion' ],
  reasoning: 'User asking about project details'
}
📊 Fetching data using MCP tools and RAG for: [ 'notion' ]
🔍 Performing RAG search for relevant documents
✅ Found 1 relevant document chunks
🔄 Initializing MCP service...
🤖 MCP tools not available, using LLM agent with knowledge base
.🚀 Processing user query with integrated RAG/MCP/Agent flow: Show me my current tasks
🔍 Analyzing user intent...
Intent analysis: {
  intent: 'task_management',
  dataNeeded: [ 'jira', 'notion' ],
  reasoning: 'User asking about tasks'
}
🎯 Intent analysis: {
  intent: 'task_management',
  dataNeeded: [ 'jira', 'notion' ],
  reasoning: 'User asking about tasks'
}
📊 Fetching data using MCP tools and RAG for: [ 'jira', 'notion' ]
🔍 Performing RAG search for relevant documents
✅ Found 1 relevant document chunks
🔄 Initializing MCP service...
🤖 MCP tools not available, using LLM agent with knowledge base
.🚀 Processing user query with integrated RAG/MCP/Agent flow: What is the weather today?
🔍 Analyzing user intent...
Intent analysis: { intent: 'general', dataNeeded: [], reasoning: 'General query' }
🎯 Intent analysis: { intent: 'general', dataNeeded: [], reasoning: 'General query' }
📊 Fetching data using MCP tools and RAG for: []
🔍 Performing RAG search for relevant documents
✅ Found 1 relevant document chunks
🔄 Initializing MCP service...
🤖 MCP tools not available, using LLM agent with knowledge base
.🚀 Processing user query with integrated RAG/MCP/Agent flow: Test query
🔍 Analyzing user intent...
Intent analysis: { intent: 'general', dataNeeded: [], reasoning: 'General query' }
🎯 Intent analysis: { intent: 'general', dataNeeded: [], reasoning: 'General query' }
📊 Fetching data using MCP tools and RAG for: []
⚠️ RAG service not available, skipping document search
🔄 Initializing MCP service...
🤖 MCP tools not available, using LLM agent with knowledge base
.🚀 Processing user query with integrated RAG/MCP/Agent flow: Test query
🔍 Analyzing user intent...
Error analyzing intent: Error: LLM service unavailable
    at UserContext.<anonymous> (file:///Users/vikaskumar/Documents/vikas/em-taskflow/backend/dist/test/services/agentService.spec.js:124:29)
    at QueueRunner.attempt (/Users/vikaskumar/Documents/vikas/em-taskflow/backend/node_modules/jasmine-core/lib/jasmine-core/jasmine.js:8309:40)
    at QueueRunner.run (/Users/vikaskumar/Documents/vikas/em-taskflow/backend/node_modules/jasmine-core/lib/jasmine-core/jasmine.js:8347:27)
    at runNext (/Users/vikaskumar/Documents/vikas/em-taskflow/backend/node_modules/jasmine-core/lib/jasmine-core/jasmine.js:8250:16)
    at /Users/vikaskumar/Documents/vikas/em-taskflow/backend/node_modules/jasmine-core/lib/jasmine-core/jasmine.js:8256:11
    at /Users/vikaskumar/Documents/vikas/em-taskflow/backend/node_modules/jasmine-core/lib/jasmine-core/jasmine.js:8147:9
    at process.processTicksAndRejections (node:internal/process/task_queues:105:5)
🎯 Intent analysis: {
  intent: 'general',
  dataNeeded: [],
  reasoning: 'Failed to analyze intent, defaulting to general'
}
📊 Fetching data using MCP tools and RAG for: []
🔍 Performing RAG search for relevant documents
✅ Found 1 relevant document chunks
🔄 Initializing MCP service...
🤖 MCP tools not available, using LLM agent with knowledge base
Error generating response: Error: LLM service unavailable
    at UserContext.<anonymous> (file:///Users/vikaskumar/Documents/vikas/em-taskflow/backend/dist/test/services/agentService.spec.js:124:29)
    at QueueRunner.attempt (/Users/vikaskumar/Documents/vikas/em-taskflow/backend/node_modules/jasmine-core/lib/jasmine-core/jasmine.js:8309:40)
    at QueueRunner.run (/Users/vikaskumar/Documents/vikas/em-taskflow/backend/node_modules/jasmine-core/lib/jasmine-core/jasmine.js:8347:27)
    at runNext (/Users/vikaskumar/Documents/vikas/em-taskflow/backend/node_modules/jasmine-core/lib/jasmine-core/jasmine.js:8250:16)
    at /Users/vikaskumar/Documents/vikas/em-taskflow/backend/node_modules/jasmine-core/lib/jasmine-core/jasmine.js:8256:11
    at /Users/vikaskumar/Documents/vikas/em-taskflow/backend/node_modules/jasmine-core/lib/jasmine-core/jasmine.js:8147:9
    at process.processTicksAndRejections (node:internal/process/task_queues:105:5)
.🚀 Processing user query with integrated RAG/MCP/Agent flow: Test query
🔍 Analyzing user intent...
Intent analysis: { intent: 'general', dataNeeded: [], reasoning: 'General query' }
🎯 Intent analysis: { intent: 'general', dataNeeded: [], reasoning: 'General query' }
📊 Fetching data using MCP tools and RAG for: []
🔍 Performing RAG search for relevant documents
✅ Found 1 relevant document chunks
🔄 Initializing MCP service...
🤖 MCP tools not available, using LLM agent with knowledge base
❌ Error processing query: Error: Database unavailable
    at UserContext.<anonymous> (file:///Users/vikaskumar/Documents/vikas/em-taskflow/backend/dist/test/services/agentService.spec.js:157:34)
    at QueueRunner.attempt (/Users/vikaskumar/Documents/vikas/em-taskflow/backend/node_modules/jasmine-core/lib/jasmine-core/jasmine.js:8309:40)
    at QueueRunner.run (/Users/vikaskumar/Documents/vikas/em-taskflow/backend/node_modules/jasmine-core/lib/jasmine-core/jasmine.js:8347:27)
    at runNext (/Users/vikaskumar/Documents/vikas/em-taskflow/backend/node_modules/jasmine-core/lib/jasmine-core/jasmine.js:8250:16)
    at /Users/vikaskumar/Documents/vikas/em-taskflow/backend/node_modules/jasmine-core/lib/jasmine-core/jasmine.js:8256:11
    at /Users/vikaskumar/Documents/vikas/em-taskflow/backend/node_modules/jasmine-core/lib/jasmine-core/jasmine.js:8147:9
    at process.processTicksAndRejections (node:internal/process/task_queues:105:5)
Failed to save error to database: Error: Database unavailable
    at UserContext.<anonymous> (file:///Users/vikaskumar/Documents/vikas/em-taskflow/backend/dist/test/services/agentService.spec.js:157:34)
    at QueueRunner.attempt (/Users/vikaskumar/Documents/vikas/em-taskflow/backend/node_modules/jasmine-core/lib/jasmine-core/jasmine.js:8309:40)
    at QueueRunner.run (/Users/vikaskumar/Documents/vikas/em-taskflow/backend/node_modules/jasmine-core/lib/jasmine-core/jasmine.js:8347:27)
    at runNext (/Users/vikaskumar/Documents/vikas/em-taskflow/backend/node_modules/jasmine-core/lib/jasmine-core/jasmine.js:8250:16)
    at /Users/vikaskumar/Documents/vikas/em-taskflow/backend/node_modules/jasmine-core/lib/jasmine-core/jasmine.js:8256:11
    at /Users/vikaskumar/Documents/vikas/em-taskflow/backend/node_modules/jasmine-core/lib/jasmine-core/jasmine.js:8147:9
    at process.processTicksAndRejections (node:internal/process/task_queues:105:5)
.............


164 specs, 0 failures
Finished in 4.48 seconds
Randomized with seed 95167 (jasmine --random=true --seed=95167)
----------------------|---------|----------|---------|---------|------------------------------------
File                  | % Stmts | % Branch | % Funcs | % Lines | Uncovered Line #s                  
----------------------|---------|----------|---------|---------|------------------------------------
All files             |   42.31 |    29.78 |   36.89 |   42.39 |                                    
 src                  |       0 |        0 |       0 |       0 |                                    
  index.js            |       0 |        0 |       0 |       0 | 6-36                               
 src/config           |       0 |        0 |       0 |       0 |                                    
  loadConfig.js       |       0 |        0 |       0 |       0 | 6-123                              
 src/routes           |   55.44 |    43.33 |   54.54 |   55.44 |                                    
  api.js              |   81.96 |       65 |     100 |   81.96 | 17,26-46,95,138-139                
  database.js         |      15 |        0 |       0 |      15 | 6-13,18-24,29-39,44-54,59-67       
 src/services         |   40.39 |    28.71 |   33.55 |   40.41 |                                    
  agentService.js     |    87.5 |     75.9 |   83.33 |   88.32 | 62-63,115-130,149-151,202,222      
  chromaService.js    |   15.62 |        0 |       0 |   16.12 | 4,7-20,24-36,40-50,54-60           
  databaseService.js  |    4.67 |        0 |    2.85 |    4.76 | 17-259                             
  llmProviders.js     |       0 |        0 |       0 |       0 | 9-195                              
  llmRouter.js        |       0 |        0 |       0 |       0 | 17-339                             
  llmService.js       |      62 |    34.04 |   85.71 |   61.22 | 10,13,33-58,68-74,103,122          
  mcpService.js       |   86.04 |      100 |   88.88 |    87.8 | 77-79,125-126                      
  ragService.js       |   77.04 |       60 |    90.9 |   76.47 | ...180-181,195,219-220,236-237,273 
  summaryFormatter.js |   58.97 |      100 |   71.42 |   58.97 | 47-86                              
  taskManager.js      |    5.35 |        0 |       0 |    5.55 | 4-90,93-110                        
 src/types            |       0 |      100 |     100 |       0 |                                    
  config.js           |       0 |      100 |     100 |       0 | 2-13                               
 src/utils            |     100 |      100 |     100 |     100 |                                    
  config.js           |     100 |      100 |     100 |     100 |                                    
  logger.js           |     100 |      100 |     100 |     100 |                                    
  math.js             |     100 |      100 |     100 |     100 |                                    
  validation.js       |     100 |      100 |     100 |     100 |                                    
----------------------|---------|----------|---------|---------|------------------------------------
